MY_NRF24.c:53:6:NRF24_DelayMicroSeconds	24	static
MY_NRF24.c:61:6:NRF24_csn	16	static
MY_NRF24.c:68:6:NRF24_ce	16	static
MY_NRF24.c:75:9:NRF24_read_register	32	static
MY_NRF24.c:93:6:NRF24_read_registerN	24	static
MY_NRF24.c:108:6:NRF24_write_register	24	static
MY_NRF24.c:121:6:NRF24_write_registerN	24	static
MY_NRF24.c:134:6:NRF24_write_payload	24	static
MY_NRF24.c:147:6:NRF24_read_payload	32	static
MY_NRF24.c:161:6:NRF24_flush_tx	8	static
MY_NRF24.c:166:6:NRF24_flush_rx	8	static
MY_NRF24.c:171:9:NRF24_get_status	24	static
MY_NRF24.c:179:6:NRF24_begin	40	static
MY_NRF24.c:253:6:NRF24_startListening	8	static
MY_NRF24.c:270:6:NRF24_stopListening	8	static
MY_NRF24.c:277:6:NRF24_write	40	static
MY_NRF24.c:314:6:NRF24_available	8	static
MY_NRF24.c:320:6:NRF24_read	32	static
MY_NRF24.c:330:6:NRF24_openWritingPipe	24	static
MY_NRF24.c:339:6:NRF24_openReadingPipe	32	static
MY_NRF24.c:363:6:NRF24_setRetries	16	static
MY_NRF24.c:369:6:NRF24_setChannel	24	static
MY_NRF24.c:375:6:NRF24_setPayloadSize	24	static
MY_NRF24.c:381:9:NRF24_getPayloadSize	8	static
MY_NRF24.c:386:9:NRF24_getDynamicPayloadSize	8	static
MY_NRF24.c:391:6:NRF24_enableAckPayload	8	static
MY_NRF24.c:404:6:NRF24_enableDynamicPayloads	8	static
MY_NRF24.c:418:6:NRF24_disableDynamicPayloads	8	static
MY_NRF24.c:426:6:NRF24_isNRF_Plus	8	static
MY_NRF24.c:431:6:NRF24_setAutoAck	16	static
MY_NRF24.c:439:6:NRF24_setAutoAckPipe	32	static
MY_NRF24.c:456:6:NRF24_setPALevel	32	static
MY_NRF24.c:487:15:NRF24_getPALevel	16	static
MY_NRF24.c:513:6:NRF24_setDataRate	32	static
MY_NRF24.c:558:17:NRF24_getDataRate	16	static
MY_NRF24.c:583:6:NRF24_setCRCLength	24	static
MY_NRF24.c:604:18:NRF24_getCRCLength	16	static
MY_NRF24.c:620:6:NRF24_disableCRC	16	static
MY_NRF24.c:626:6:NRF24_powerUp	8	static
MY_NRF24.c:631:6:NRF24_powerDown	8	static
MY_NRF24.c:636:6:NRF24_availablePipe	32	static
MY_NRF24.c:660:6:NRF24_startWrite	16	static
MY_NRF24.c:677:6:NRF24_writeAckPayload	32	static
MY_NRF24.c:688:6:NRF24_isAckPayloadAvailable	16	static
MY_NRF24.c:695:6:NRF24_whatHappened	40	static
MY_NRF24.c:706:6:NRF24_testCarrier	8	static
MY_NRF24.c:711:6:NRF24_testRPD	8	static
MY_NRF24.c:717:6:NRF24_resetStatus	8	static
MY_NRF24.c:723:6:NRF24_ACTIVATE_cmd	16	static
MY_NRF24.c:734:9:NRF24_GetAckPayloadSize	8	static
